C51 COMPILER V9.54   MAIN                                                                  09/05/2024 18:34:41 PAGE 1   


C51 COMPILER V9.54, COMPILATION OF MODULE MAIN
OBJECT MODULE PLACED IN .\Objects\main.obj
COMPILER INVOKED BY: D:\Keil_v5(c51)\C51\BIN\C51.EXE main.c OPTIMIZE(8,SPEED) BROWSE DEBUG OBJECTEXTEND PRINT(.\Listings
                    -\main.lst) OBJECT(.\Objects\main.obj)

line level    source

   1          #include <REGX52.H>
   2          #include "Delay.h"
   3          #include "MAX7219.h"
   4          #include "UART.h"
   5          #include "segment_location.h"
   6          #include <intrins.h>
   7          
   8          void main()
   9          {
  10   1              Max7219_Init();
  11   1              Uart_Init();
  12   1              while(1)
  13   1              {
  14   2                      unsigned char x,y,z;
  15   2                      for(x=0;x<8;x++)
  16   2                      {
  17   3                              CS = 0;
  18   3                              for(y=0;y<4;y++)
  19   3                              {
  20   4                                      z = x + 1;
  21   4                                      Max7219_WriteByte(z);
  22   4                                      Max7219_WriteByte(setdata[y][x]);
  23   4                                      _nop_();
  24   4                              }
  25   3                              CS = 1;
  26   3                      }
  27   2              }
  28   1      }
  29          
  30          void Uart_IN(void) interrupt 4
  31          {
  32   1              unsigned int i,j,k,u;
  33   1              unsigned char _data;
  34   1              unsigned char rec_data[32];
  35   1              if(RI==1)
  36   1              {
  37   2                      rec_data[j]=SBUF;
  38   2                      ++j;
  39   2                      if(j==32)
  40   2                      {
  41   3                              i = 0;
  42   3                              for(k=0;k<4;k++)
  43   3                              {
  44   4                                      for(u=0;u<8;u++)
  45   4                                      {
  46   5                                              setdata[k][u] = rec_data[i];
  47   5                                              i++;
  48   5                                      }
  49   4                              }
  50   3                              for(u=0;u<8;u++)
  51   3                              {
  52   4                                      _data = setdata[1][u];
  53   4                                      setdata[1][u] = setdata[2][u];
  54   4                                      setdata[2][u] = _data;
C51 COMPILER V9.54   MAIN                                                                  09/05/2024 18:34:41 PAGE 2   

  55   4                              }
  56   3                              j=0;
  57   3                              SBUF = 0x4C;            //测试        
  58   3                              
  59   3                      }
  60   2                      RI=0;
  61   2              }
  62   1      }


MODULE INFORMATION:   STATIC OVERLAYABLE
   CODE SIZE        =    237    ----
   CONSTANT SIZE    =     32    ----
   XDATA SIZE       =   ----    ----
   PDATA SIZE       =   ----    ----
   DATA SIZE        =     64      39
   IDATA SIZE       =   ----    ----
   BIT SIZE         =   ----    ----
END OF MODULE INFORMATION.


C51 COMPILATION COMPLETE.  0 WARNING(S),  0 ERROR(S)
