C51 COMPILER V9.54   UART                                                                  09/05/2024 18:34:41 PAGE 1   


C51 COMPILER V9.54, COMPILATION OF MODULE UART
OBJECT MODULE PLACED IN .\Objects\UART.obj
COMPILER INVOKED BY: D:\Keil_v5(c51)\C51\BIN\C51.EXE UART.c OPTIMIZE(8,SPEED) BROWSE DEBUG OBJECTEXTEND PRINT(.\Listings
                    -\UART.lst) OBJECT(.\Objects\UART.obj)

line level    source

   1          #include <REGX52.H>
   2          #include "UART.h"
   3          
   4          void Uart_Init()        //9600bps@11.0592MHz
   5          {
   6   1              PCON |= 0x80;           //使能波特率倍速位SMOD
   7   1              SCON = 0x50;            //8位数据,可变波特率
   8   1              TMOD &= 0x0F;           //设置定时器模式
   9   1              TMOD |= 0x20;           //设置定时器模式
  10   1              TL1 = 0xFA;                     //设置定时初始值
  11   1              TH1 = 0xFA;                     //设置定时重载值
  12   1              ET1 = 0;                        //禁止定时器中断
  13   1              TR1 = 1;                        //定时器1开始计时
  14   1              ES = 1;                         //使能串口1中断
  15   1              EA = 1;
  16   1      }
  17          


MODULE INFORMATION:   STATIC OVERLAYABLE
   CODE SIZE        =     27    ----
   CONSTANT SIZE    =   ----    ----
   XDATA SIZE       =   ----    ----
   PDATA SIZE       =   ----    ----
   DATA SIZE        =   ----    ----
   IDATA SIZE       =   ----    ----
   BIT SIZE         =   ----    ----
END OF MODULE INFORMATION.


C51 COMPILATION COMPLETE.  0 WARNING(S),  0 ERROR(S)
